// Jest Snapshot v1, https://goo.gl/fbAQLP

exports[`PodiumContext.middleware() - timing failure metric produced 1`] = `
Object {
  "description": "Time taken for failure to occur when running all context parsers",
  "name": "context_run_parsers_failure",
}
`;

exports[`PodiumContext.middleware() - timing success metric produced 1`] = `
Object {
  "description": "Time taken for failure to occur when running all context parsers",
  "name": "context_run_parsers_failure",
}
`;
